{"ts":"2026-09-25T04:19:09.461Z","level":"info","message":"Login Attempt","meta":{"host":"localhost:3003","audience":"staff","adminHost":false}}
{"ts":"2026-09-25T04:19:09.544Z","level":"info","message":"Login Failure","meta":{"flow":"staff","reason":"invalid-credentials"}}
{"ts":"2026-09-25T04:19:09.661Z","level":"info","message":"Login Attempt","meta":{"host":"localhost:3003","audience":"staff","adminHost":false}}
{"ts":"2026-09-25T04:19:09.751Z","level":"info","message":"Login Success","meta":{"flow":"staff","audience":"staff","companyId":13,"userId":1}}
{"ts":"2026-09-25T04:19:37.987Z","level":"info","message":"Login Attempt","meta":{"host":"localhost:3003","audience":"staff","adminHost":false}}
{"ts":"2026-09-25T04:19:38.133Z","level":"info","message":"Login Failure","meta":{"flow":"staff","reason":"invalid-credentials"}}
{"ts":"2026-09-25T04:19:38.237Z","level":"info","message":"Login Attempt","meta":{"host":"localhost:3003","audience":"staff","adminHost":false}}
{"ts":"2026-09-25T04:19:38.242Z","level":"info","message":"Login Failure","meta":{"flow":"staff","reason":"invalid-credentials"}}
{"ts":"2026-09-25T13:39:29.054Z","level":"info","message":"Login Attempt","meta":{"host":"localhost","audience":"staff","adminHost":false}}
{"ts":"2026-09-25T13:39:29.560Z","level":"info","message":"Login Success","meta":{"flow":"staff","audience":"staff","companyId":13,"userId":1}}
{"ts":"2026-09-25T15:13:42.790Z","level":"info","message":"Login Attempt","meta":{"host":"localhost:3003","audience":"staff","adminHost":false}}
{"ts":"2026-09-25T15:13:43.156Z","level":"info","message":"Login Failure","meta":{"flow":"staff","reason":"invalid-credentials"}}
{"ts":"2026-09-25T15:16:22.456Z","level":"info","message":"Login Attempt","meta":{"host":"localhost:3003","audience":"staff","adminHost":false}}
{"ts":"2026-09-25T15:16:22.831Z","level":"info","message":"Login Success","meta":{"flow":"staff","audience":"staff","companyId":13,"userId":1}}
{"ts":"2026-09-29T10:10:34.134Z","level":"info","message":"Login Attempt","meta":{"host":"localhost","audience":"customer","adminHost":false}}
{"ts":"2026-09-29T10:10:34.595Z","level":"info","message":"Login Success","meta":{"flow":"customer","audience":"customer","companyId":13,"userId":4}}
{"ts":"2026-09-29T10:13:35.002Z","level":"info","message":"Login Attempt","meta":{"host":"localhost","audience":"customer","adminHost":false}}
{"ts":"2026-09-29T10:13:35.130Z","level":"info","message":"Login Success","meta":{"flow":"customer","audience":"customer","companyId":13,"userId":4}}
{"ts":"2026-09-29T10:16:56.489Z","level":"info","message":"Login Attempt","meta":{"host":"localhost","audience":"customer","adminHost":false}}
{"ts":"2026-09-29T10:16:56.803Z","level":"info","message":"Login Success","meta":{"flow":"customer","audience":"customer","companyId":13,"userId":4}}
{"ts":"2026-09-29T10:17:50.241Z","level":"info","message":"Login Attempt","meta":{"host":"localhost","audience":"customer","adminHost":false}}
{"ts":"2026-09-29T10:17:50.364Z","level":"info","message":"Login Success","meta":{"flow":"customer","audience":"customer","companyId":13,"userId":4}}
{"ts":"2026-09-29T10:18:07.523Z","level":"info","message":"Login Attempt","meta":{"host":"localhost","audience":"customer","adminHost":false}}
{"ts":"2026-09-29T10:18:07.815Z","level":"info","message":"Login Success","meta":{"flow":"customer","audience":"customer","companyId":13,"userId":4}}
{"ts":"2026-09-29T10:18:34.309Z","level":"info","message":"Login Attempt","meta":{"host":"localhost","audience":"customer","adminHost":false}}
{"ts":"2026-09-29T10:18:34.442Z","level":"info","message":"Login Success","meta":{"flow":"customer","audience":"customer","companyId":13,"userId":4}}
{"ts":"2026-09-29T13:02:19.552Z","level":"info","message":"Login Attempt","meta":{"host":"localhost","audience":"customer","adminHost":false}}
{"ts":"2026-09-29T13:02:19.628Z","level":"info","message":"Login Success","meta":{"flow":"customer","audience":"customer","companyId":13,"userId":4}}
{"ts":"2026-09-29T13:04:50.928Z","level":"info","message":"Login Attempt","meta":{"host":"localhost","audience":"customer","adminHost":false}}
{"ts":"2026-09-29T13:04:51.054Z","level":"info","message":"Login Success","meta":{"flow":"customer","audience":"customer","companyId":13,"userId":4}}
{"ts":"2026-09-29T13:05:55.740Z","level":"info","message":"Login Attempt","meta":{"host":"localhost","audience":"customer","adminHost":false}}
{"ts":"2026-09-29T13:05:55.859Z","level":"info","message":"Login Success","meta":{"flow":"customer","audience":"customer","companyId":13,"userId":4}}
{"ts":"2026-09-29T13:09:48.051Z","level":"info","message":"Login Attempt","meta":{"host":"localhost","audience":"customer","adminHost":false}}
{"ts":"2026-09-29T13:09:48.132Z","level":"info","message":"Login Success","meta":{"flow":"customer","audience":"customer","companyId":13,"userId":4}}
{"ts":"2026-09-29T13:11:17.097Z","level":"info","message":"Login Attempt","meta":{"host":"localhost","audience":"customer","adminHost":false}}
{"ts":"2026-09-29T13:11:17.167Z","level":"info","message":"Login Success","meta":{"flow":"customer","audience":"customer","companyId":13,"userId":4}}
{"ts":"2026-09-29T15:56:28.833Z","level":"info","message":"Login Attempt","meta":{"host":"localhost","audience":"staff","adminHost":false}}
{"ts":"2026-09-29T15:56:29.010Z","level":"info","message":"Login Success","meta":{"flow":"staff","audience":"staff","companyId":13,"userId":1}}
{"ts":"2026-09-29T17:15:08.440Z","level":"info","message":"Login Attempt","meta":{"host":"localhost","audience":"customer","adminHost":false}}
{"ts":"2026-09-29T17:15:08.537Z","level":"info","message":"Login Failure","meta":{"flow":"customer","reason":"invalid-credentials"}}
{"ts":"2026-09-29T17:15:45.551Z","level":"info","message":"Login Attempt","meta":{"host":"localhost","audience":"customer","adminHost":false}}
{"ts":"2026-09-29T17:15:45.622Z","level":"info","message":"Login Failure","meta":{"flow":"customer","reason":"invalid-credentials"}}
{"ts":"2026-09-29T17:15:45.638Z","level":"info","message":"Login Attempt","meta":{"host":"localhost","audience":"customer","adminHost":false}}
{"ts":"2026-09-29T17:15:45.643Z","level":"info","message":"Login Failure","meta":{"flow":"customer","reason":"invalid-credentials"}}
{"ts":"2026-09-29T17:20:25.231Z","level":"info","message":"Login Attempt","meta":{"host":"localhost","audience":"customer","adminHost":false}}
{"ts":"2026-09-29T17:20:25.309Z","level":"info","message":"Login Failure","meta":{"flow":"customer","reason":"invalid-credentials"}}
{"ts":"2026-09-29T17:21:02.078Z","level":"info","message":"Login Attempt","meta":{"host":"localhost","audience":"customer","adminHost":false}}
{"ts":"2026-09-29T17:21:02.150Z","level":"info","message":"Login Failure","meta":{"flow":"customer","reason":"invalid-credentials"}}
{"ts":"2026-09-29T17:21:02.163Z","level":"info","message":"Login Attempt","meta":{"host":"localhost","audience":"customer","adminHost":false}}
{"ts":"2026-09-29T17:21:02.172Z","level":"info","message":"Login Failure","meta":{"flow":"customer","reason":"invalid-credentials"}}
{"ts":"2026-09-29T17:21:34.350Z","level":"info","message":"Login Attempt","meta":{"host":"localhost","audience":"staff","adminHost":false}}
{"ts":"2026-09-29T17:21:34.805Z","level":"info","message":"Login Success","meta":{"flow":"staff","audience":"staff","companyId":13,"userId":1}}
{"ts":"2026-09-29T17:21:35.050Z","level":"info","message":"Login Attempt","meta":{"host":"localhost","audience":"customer","adminHost":false}}
{"ts":"2026-09-29T17:21:35.135Z","level":"info","message":"Login Success","meta":{"flow":"customer","audience":"customer","companyId":13,"userId":4}}
{"ts":"2026-09-29T17:22:49.116Z","level":"info","message":"Login Attempt","meta":{"host":"localhost","audience":"customer","adminHost":false}}
{"ts":"2026-09-29T17:22:49.187Z","level":"info","message":"Login Success","meta":{"flow":"customer","audience":"customer","companyId":13,"userId":6}}
{"ts":"2026-09-29T17:22:51.369Z","level":"info","message":"Login Attempt","meta":{"host":"localhost","audience":"customer","adminHost":false}}
{"ts":"2026-09-29T17:22:51.436Z","level":"info","message":"Login Failure","meta":{"flow":"customer","reason":"invalid-credentials"}}
{"ts":"2026-09-29T17:22:51.449Z","level":"info","message":"Login Attempt","meta":{"host":"localhost","audience":"customer","adminHost":false}}
{"ts":"2026-09-29T17:22:51.520Z","level":"info","message":"Login Success","meta":{"flow":"customer","audience":"customer","companyId":13,"userId":6}}
{"ts":"2026-09-29T17:34:23.511Z","level":"info","message":"Login Attempt","meta":{"host":"localhost","audience":"customer","adminHost":false}}
{"ts":"2026-09-29T17:34:23.649Z","level":"info","message":"Login Success","meta":{"flow":"customer","audience":"customer","companyId":13,"userId":7}}
{"ts":"2026-09-29T17:35:31.548Z","level":"info","message":"Login Attempt","meta":{"host":"localhost","audience":"customer","adminHost":false}}
{"ts":"2026-09-29T17:35:31.691Z","level":"info","message":"Login Success","meta":{"flow":"customer","audience":"customer","companyId":13,"userId":7}}
{"ts":"2026-09-29T17:37:15.650Z","level":"info","message":"Login Attempt","meta":{"host":"localhost:3003","audience":"staff","adminHost":false}}
{"ts":"2026-09-29T17:37:15.849Z","level":"info","message":"Login Failure","meta":{"flow":"staff","reason":"inactive-user-or-role-mismatch","companyId":13,"userId":7}}
{"ts":"2026-09-29T17:37:55.879Z","level":"info","message":"Login Attempt","meta":{"host":"localhost:3003","audience":"staff","adminHost":false}}
{"ts":"2026-09-29T17:37:56.180Z","level":"info","message":"Login Failure","meta":{"flow":"staff","reason":"inactive-user-or-role-mismatch","companyId":13,"userId":7}}
{"ts":"2026-09-29T17:40:47.592Z","level":"info","message":"Login Attempt","meta":{"host":"localhost:3003","audience":"staff","adminHost":false}}
{"ts":"2026-09-29T17:40:47.669Z","level":"info","message":"Login Failure","meta":{"flow":"staff","reason":"inactive-user-or-role-mismatch","companyId":13,"userId":7}}
{"ts":"2026-09-29T17:42:08.255Z","level":"info","message":"Login Attempt","meta":{"host":"localhost","audience":"customer","adminHost":false}}
{"ts":"2026-09-29T17:42:08.400Z","level":"info","message":"Login Success","meta":{"flow":"customer","audience":"customer","companyId":13,"userId":7}}
{"ts":"2026-09-29T17:44:33.986Z","level":"info","message":"Login Attempt","meta":{"host":"localhost","audience":"staff","adminHost":false}}
{"ts":"2026-09-29T17:44:34.121Z","level":"info","message":"Login Failure","meta":{"flow":"staff","reason":"wrong-audience","companyId":13,"userId":7,"roleName":"Customer"}}
{"ts":"2026-09-29T17:44:34.151Z","level":"info","message":"Login Attempt","meta":{"host":"localhost","audience":"customer","adminHost":false}}
{"ts":"2026-09-29T17:44:34.232Z","level":"info","message":"Login Success","meta":{"flow":"customer","audience":"customer","companyId":13,"userId":7}}
{"ts":"2026-09-29T17:44:34.255Z","level":"info","message":"Login Attempt","meta":{"host":"localhost","audience":"staff","adminHost":false}}
{"ts":"2026-09-29T17:44:34.325Z","level":"info","message":"Login Failure","meta":{"flow":"staff","reason":"invalid-credentials"}}
{"ts":"2026-09-29T17:45:45.855Z","level":"info","message":"Login Attempt","meta":{"host":"localhost:3003","audience":"customer","adminHost":false}}
{"ts":"2026-09-29T17:45:46.030Z","level":"info","message":"Login Success","meta":{"flow":"customer","audience":"customer","companyId":13,"userId":7}}
{"ts":"2026-09-29T17:47:19.372Z","level":"info","message":"Login Attempt","meta":{"host":"localhost","audience":"staff","adminHost":false}}
{"ts":"2026-09-29T17:47:19.518Z","level":"info","message":"Login Success","meta":{"flow":"staff","audience":"staff","companyId":13,"userId":1}}
{"ts":"2026-09-29T17:47:19.705Z","level":"info","message":"Login Attempt","meta":{"host":"localhost","audience":"customer","adminHost":false}}
{"ts":"2026-09-29T17:47:19.808Z","level":"info","message":"Login Success","meta":{"flow":"customer","audience":"customer","companyId":13,"userId":7}}
{"ts":"2026-09-29T17:48:00.581Z","level":"info","message":"Login Attempt","meta":{"host":"localhost","audience":"staff","adminHost":false}}
{"ts":"2026-09-29T17:48:00.661Z","level":"info","message":"Login Success","meta":{"flow":"staff","audience":"staff","companyId":13,"userId":1}}
{"ts":"2026-09-29T17:48:00.938Z","level":"info","message":"Login Attempt","meta":{"host":"localhost","audience":"customer","adminHost":false}}
{"ts":"2026-09-29T17:48:01.019Z","level":"info","message":"Login Success","meta":{"flow":"customer","audience":"customer","companyId":13,"userId":7}}
{"ts":"2026-09-29T17:58:36.877Z","level":"info","message":"Contact Message Emails","meta":{"results":{"notify":"resend","ack":"failed: You can only send testing emails to your own email address (arditqerimi88@gmail.com). To send emails to other recipients, please verify a domain at resend.com/domains, and change the `from` address to an email using this domain."},"subject":"Contact email pipeline 1790704715300"}}
{"ts":"2026-09-29T17:59:31.305Z","level":"info","message":"Contact Message Emails","meta":{"results":{"notify":"resend","ack":"failed: You can only send testing emails to your own email address (arditqerimi88@gmail.com). To send emails to other recipients, please verify a domain at resend.com/domains, and change the `from` address to an email using this domain."},"subject":"Contact email pipeline 1790704770372"}}
{"ts":"2026-09-29T18:00:31.465Z","level":"info","message":"Contact Message Emails","meta":{"results":{"notify":"resend"},"subject":"Pershendetje"}}
{"ts":"2026-09-29T18:04:26.812Z","level":"info","message":"Contact Message Emails","meta":{"results":{"notify":"resend","ack":"failed: You can only send testing emails to your own email address (arditqerimi88@gmail.com). To send emails to other recipients, please verify a domain at resend.com/domains, and change the `from` address to an email using this domain."},"subject":"Throttle A 1790705065834"}}
{"ts":"2026-09-29T19:52:46.765Z","level":"info","message":"Contact Message Emails","meta":{"results":{"notify":"resend","ack":"failed: You can only send testing emails to your own email address (arditqerimi88@gmail.com). To send emails to other recipients, please verify a domain at resend.com/domains, and change the `from` address to an email using this domain."},"subject":"Pershendetje"}}
{"ts":"2026-09-29T20:23:01.279Z","level":"info","message":"Login Attempt","meta":{"host":"localhost","audience":"staff","adminHost":false}}
{"ts":"2026-09-29T20:23:01.399Z","level":"info","message":"Login Success","meta":{"flow":"staff","audience":"staff","companyId":13,"userId":1}}
{"ts":"2026-09-29T21:09:15.609Z","level":"info","message":"Login Attempt","meta":{"host":"localhost","audience":"staff","adminHost":false}}
{"ts":"2026-09-29T21:09:15.762Z","level":"info","message":"Login Success","meta":{"flow":"staff","audience":"staff","companyId":13,"userId":1}}
{"ts":"2026-09-29T21:11:10.044Z","level":"info","message":"Login Attempt","meta":{"host":"localhost","audience":"staff","adminHost":false}}
{"ts":"2026-09-29T21:11:10.181Z","level":"info","message":"Login Success","meta":{"flow":"staff","audience":"staff","companyId":13,"userId":1}}
{"ts":"2026-09-29T21:35:57.789Z","level":"info","message":"Login Attempt","meta":{"host":"localhost","audience":"staff","adminHost":false}}
{"ts":"2026-09-29T21:35:57.864Z","level":"info","message":"Login Success","meta":{"flow":"staff","audience":"staff","companyId":13,"userId":1}}
{"ts":"2026-09-29T21:43:28.937Z","level":"info","message":"Login Attempt","meta":{"host":"localhost","audience":"staff","adminHost":false}}
{"ts":"2026-09-29T21:43:29.086Z","level":"info","message":"Login Success","meta":{"flow":"staff","audience":"staff","companyId":13,"userId":1}}
{"ts":"2026-09-30T16:57:03.893Z","level":"info","message":"Login Attempt","meta":{"host":"localhost:3003","audience":"staff","adminHost":false}}
{"ts":"2026-09-30T16:57:04.159Z","level":"info","message":"Login Failure","meta":{"flow":"staff","reason":"wrong-audience","companyId":13,"userId":7,"roleName":"Customer"}}
{"ts":"2026-09-30T19:38:48.943Z","level":"info","message":"Login Attempt","meta":{"host":"localhost","audience":"staff","adminHost":false}}
{"ts":"2026-09-30T19:38:49.097Z","level":"info","message":"Login Success","meta":{"flow":"staff","audience":"staff","companyId":13,"userId":1}}
{"ts":"2026-09-30T19:38:50.008Z","level":"info","message":"Login Attempt","meta":{"host":"localhost","audience":"staff","adminHost":false}}
{"ts":"2026-09-30T19:38:50.113Z","level":"info","message":"Login Success","meta":{"flow":"staff","audience":"staff","companyId":13,"userId":1}}
{"ts":"2026-09-30T19:39:01.451Z","level":"info","message":"Login Attempt","meta":{"host":"localhost","audience":"staff","adminHost":false}}
{"ts":"2026-09-30T19:39:01.579Z","level":"info","message":"Login Success","meta":{"flow":"staff","audience":"staff","companyId":13,"userId":1}}
{"ts":"2026-09-30T19:39:04.856Z","level":"info","message":"Login Attempt","meta":{"host":"localhost","audience":"staff","adminHost":false}}
{"ts":"2026-09-30T19:39:05.113Z","level":"info","message":"Login Success","meta":{"flow":"staff","audience":"staff","companyId":13,"userId":1}}
{"ts":"2026-09-30T19:39:05.597Z","level":"info","message":"Login Attempt","meta":{"host":"localhost","audience":"customer","adminHost":false}}
{"ts":"2026-09-30T19:39:05.733Z","level":"info","message":"Login Success","meta":{"flow":"customer","audience":"customer","companyId":13,"userId":7}}
{"ts":"2026-09-30T19:39:19.035Z","level":"info","message":"Login Attempt","meta":{"host":"localhost","audience":"customer","adminHost":false}}
{"ts":"2026-09-30T19:39:19.168Z","level":"info","message":"Login Success","meta":{"flow":"customer","audience":"customer","companyId":13,"userId":4}}
{"ts":"2026-09-30T20:13:00.740Z","level":"info","message":"Login Attempt","meta":{"host":"localhost","audience":"staff","adminHost":false}}
{"ts":"2026-09-30T20:13:01.417Z","level":"info","message":"Login Success","meta":{"flow":"staff","audience":"staff","companyId":13,"userId":1}}
{"ts":"2026-09-30T20:13:15.452Z","level":"info","message":"Login Attempt","meta":{"host":"localhost","audience":"customer","adminHost":false}}
{"ts":"2026-09-30T20:13:15.562Z","level":"info","message":"Login Success","meta":{"flow":"customer","audience":"customer","companyId":13,"userId":4}}
{"ts":"2026-09-30T21:36:10.139Z","level":"info","message":"Login Attempt","meta":{"host":"localhost","audience":"customer","adminHost":false}}
{"ts":"2026-09-30T21:36:10.337Z","level":"info","message":"Login Success","meta":{"flow":"customer","audience":"customer","companyId":13,"userId":4}}
{"ts":"2026-09-30T21:48:00.627Z","level":"info","message":"Login Attempt","meta":{"host":"localhost","audience":"staff","adminHost":false}}
{"ts":"2026-09-30T21:48:01.023Z","level":"info","message":"Login Success","meta":{"flow":"staff","audience":"staff","companyId":13,"userId":1}}
{"ts":"2026-09-30T21:48:02.966Z","level":"info","message":"Contact Message Emails","meta":{"results":{"notify":"resend","ack":"failed: You can only send testing emails to your own email address (arditqerimi88@gmail.com). To send emails to other recipients, please verify a domain at resend.com/domains, and change the `from` address to an email using this domain."},"subject":"E2E contact test"}}
{"ts":"2026-09-30T21:48:02.997Z","level":"info","message":"Login Attempt","meta":{"host":"localhost","audience":"customer","adminHost":false}}
{"ts":"2026-09-30T21:48:03.136Z","level":"info","message":"Login Success","meta":{"flow":"customer","audience":"customer","companyId":13,"userId":4}}
{"ts":"2026-09-30T21:48:52.276Z","level":"info","message":"Login Attempt","meta":{"host":"localhost","audience":"staff","adminHost":false}}
{"ts":"2026-09-30T21:48:52.586Z","level":"info","message":"Login Success","meta":{"flow":"staff","audience":"staff","companyId":13,"userId":1}}
{"ts":"2026-09-30T21:49:15.054Z","level":"info","message":"Login Attempt","meta":{"host":"localhost","audience":"staff","adminHost":false}}
{"ts":"2026-09-30T21:49:15.250Z","level":"info","message":"Login Success","meta":{"flow":"staff","audience":"staff","companyId":13,"userId":1}}
{"ts":"2026-09-30T21:49:23.761Z","level":"info","message":"Login Attempt","meta":{"host":"localhost","audience":"customer","adminHost":false}}
{"ts":"2026-09-30T21:49:23.900Z","level":"info","message":"Login Success","meta":{"flow":"customer","audience":"customer","companyId":13,"userId":4}}
{"ts":"2026-10-01T04:22:55.766Z","level":"info","message":"Login Attempt","meta":{"host":"localhost","audience":"customer","adminHost":false}}
{"ts":"2026-10-01T04:22:55.904Z","level":"info","message":"Login Success","meta":{"flow":"customer","audience":"customer","companyId":13,"userId":4}}
{"ts":"2026-10-01T04:25:40.455Z","level":"info","message":"Login Attempt","meta":{"host":"localhost","audience":"customer","adminHost":false}}
{"ts":"2026-10-01T04:25:40.554Z","level":"info","message":"Login Success","meta":{"flow":"customer","audience":"customer","companyId":13,"userId":4}}
{"ts":"2026-10-01T04:26:12.214Z","level":"info","message":"Login Attempt","meta":{"host":"localhost","audience":"staff","adminHost":false}}
{"ts":"2026-10-01T04:26:12.457Z","level":"info","message":"Login Success","meta":{"flow":"staff","audience":"staff","companyId":13,"userId":1}}
{"ts":"2026-10-01T04:26:22.632Z","level":"info","message":"Login Attempt","meta":{"host":"localhost","audience":"staff","adminHost":false}}
{"ts":"2026-10-01T04:26:22.707Z","level":"info","message":"Login Success","meta":{"flow":"staff","audience":"staff","companyId":13,"userId":1}}
{"ts":"2026-10-01T04:26:57.473Z","level":"info","message":"Login Attempt","meta":{"host":"localhost","audience":"staff","adminHost":false}}
{"ts":"2026-10-01T04:26:57.571Z","level":"info","message":"Login Success","meta":{"flow":"staff","audience":"staff","companyId":13,"userId":1}}
{"ts":"2026-10-01T04:26:58.152Z","level":"info","message":"Login Attempt","meta":{"host":"localhost","audience":"staff","adminHost":false}}
{"ts":"2026-10-01T04:26:58.241Z","level":"info","message":"Login Success","meta":{"flow":"staff","audience":"staff","companyId":13,"userId":1}}
{"ts":"2026-10-01T04:26:58.595Z","level":"info","message":"Login Attempt","meta":{"host":"localhost","audience":"customer","adminHost":false}}
{"ts":"2026-10-01T04:26:58.664Z","level":"info","message":"Login Success","meta":{"flow":"customer","audience":"customer","companyId":13,"userId":7}}
